// Jest Snapshot v1, https://goo.gl/fbAQLP

exports[`Navbar component renders correctly, corresponds to the snapshot 1`] = `
<div
  className="MuiBox-root css-uolrcl"
>
  <div
    className="MuiContainer-root MuiContainer-maxWidthXl css-19r6kue-MuiContainer-root"
  >
    <div
      className="MuiToolbar-root MuiToolbar-regular css-r6ewbb-MuiToolbar-root"
    >
      <div
        className="MuiBox-root css-hfc4ec"
      >
        <button
          aria-haspopup="true"
          className="MuiButton-root MuiButton-text MuiButton-textPrimary MuiButton-sizeMedium MuiButton-textSizeMedium MuiButtonBase-root  css-1e6y48t-MuiButtonBase-root-MuiButton-root"
          disabled={false}
          id="demo-positioned-button"
          onBlur={[Function]}
          onClick={[Function]}
          onContextMenu={[Function]}
          onDragLeave={[Function]}
          onFocus={[Function]}
          onKeyDown={[Function]}
          onKeyUp={[Function]}
          onMouseDown={[Function]}
          onMouseLeave={[Function]}
          onMouseUp={[Function]}
          onTouchEnd={[Function]}
          onTouchMove={[Function]}
          onTouchStart={[Function]}
          tabIndex={0}
          type="button"
        >
          Jobs
        </button>
      </div>
    </div>
  </div>
</div>
`;
